// Jest Snapshot v1, https://goo.gl/fbAQLP

exports[`Should MovieCardSmall component render correctly 1`] = `
<article
  className="small-movie-card catalog__movies-card"
>
  <div
    className="small-movie-card__image"
    onClick={[Function]}
    onMouseEnter={[Function]}
    onMouseLeave={[Function]}
  >
    <div />
  </div>
  <h3
    className="small-movie-card__title"
  >
    <a
      className="small-movie-card__link"
      href="/films/1"
      onClick={[Function]}
    >
      Macbeth
    </a>
  </h3>
</article>
`;
