// Jest Snapshot v1, https://goo.gl/fbAQLP

exports[`Should render Tab component correctly 1`] = `<div />`;
